A.ASMS
A.CHOG
A.FKSB
A.FKSC
A.FKSD
A.FRMG
A.GAST
A.HGTZ
A.HRDA
A.IIZM
A.KKNI
A.KM2
A.KRUC
A.KSWN
A.MYGA
A.MYGB
A.MYGC
A.NZWA
A.SGMR
A.SMFR
A.SRNK
A.STBS
A.STDJ
A.TNAB
A.TRDT
A.TSRN
A.WKNS
A.YNDA
A.YNKW
AKKESH
AOHIGA
ARCADI
ASHORO
ATSUMA
BIRAT2
CHONAN
CHURUI
E.KBH
E.KYS
E.TSK
EDANAR
ENIWA
ERIMO
FOSAKI
FURANO
FURUDN
HAMNAK
HINAI
HITACH
HR.IWS
HR.MMA
HR.TMR
HU.AKA
HU.AKK
HU.ESH
HU.HIC
HU.HRK
HU.HSS
HU.HTU
HU.IMG
HU.IWN
HU.KKJ
HU.KMU
HU.MED
HU.MSK
HU.MUD
HU.MUJ
HU.MYR
HU.NIT
HU.NKN
HU.NMR
HU.NTK
HU.OON
HU.SKB
HU.SRKM
HU.STZ
HU.SYJ
HU.TES
HU.TKD
HU.URH
HYAKUZ
ICHINM
ITAHOR
IWAKMZ
IWASAK
IYASAT
KATSUU
KAWAUC
KAYABE
KOBUCH
KUZUMA
MARUMO
MIKURA
MIYKE4
MIYKNA
MIYOSH
MOTOYO
MSOUMA
N.AGWH
N.AHIH
N.AJSH
N.AMAH
N.ANIH
N.ANNH
N.ANSH
N.AOMH
N.ASAH
N.ASBH
N.ASRH
N.ATDH
N.ATKH
N.AWNH
N.AYEH
N.AYWH
N.BKEH
N.BKWH
N.BREH
N.BRWH
N.BTOH
N.CBAH
N.CCNH
N.CH2H
N.CHKH
N.CHSH
N.CKRH
N.CTSH
N.DGOH
N.EDSH
N.FBRH
N.FGTH
N.FJ2H
N.FKSH
N.FKUH
N.FRNH
N.FSTH
N.FSWH
N.FUTH
N.GJMF
N.GJOH
N.GZNH
N.HA2H
N.HBTH
N.HGAH
N.HHEH
N.HMNH
N.HMSH
N.HNKH
N.HNRH
N.HOBH
N.HROF
N.HSNH
N.HTAH
N.HTKH
N.HYMH
N.ICEH
N.ICHH
N.IHEH
N.IICH
N.IKIH
N.INAH
N.INWH
N.ISGH
N.IW2H
N.IWEH
N.IWKH
N.IWNH
N.IWSH
N.IWTH
N.IWWH
N.IWZH
N.IYGF
N.JHKH
N.JUOH
N.KAIH
N.KAKH
N.KANH
N.KASH
N.KGRH
N.KGSH
N.KHEH
N.KHYH
N.KI2H
N.KJNH
N.KJSH
N.KKWH
N.KMAH
N.KMBH
N.KMIH
N.KMNH
N.KMSH
N.KMWH
N.KMYH
N.KOSH
N.KOTH
N.KRIH
N.KRMH
N.KRYH
N.KSKF
N.KSNF
N.KSRF
N.KT2H
N.KTUH
N.KUCH
N.KUMH
N.KWAH
N.KWSH
N.KYEH
N.KYMH
N.KYOH
N.KZMH
N.KZNH
N.MBEH
N.MBWH
N.MGMH
N.MKEH
N.MKJH
N.MKRH
N.MMRH
N.MOKH
N.MOTH
N.MRRH
N.MRUH
N.MSAH
N.MSRH
N.NAZH
N.NCPH
N.NFRH
N.NGUH
N.NHEH
N.NHJH
N.NHWH
N.NKEH
N.NKWH
N.NMEH
N.NMTH
N.NNMH
N.NRKH
N.NRTH
N.NSBH
N.NSEH
N.NSNH
N.NSSH
N.NWAH
N.NYAH
N.NYOH
N.ODTH
N.OGAH
N.OGCH
N.OHRH
N.OHTH
N.OIWH
N.OMRH
N.ONDH
N.ONIH
N.OOMH
N.OTWH
N.OWNH
N.RIFH
N.RKBH
N.RKSH
N.RNKH
N.RZTH
N.SAIH
N.SAMH
N.SCNH
N.SCSH
N.SHGH
N.SHMH
N.SHZH
N.SISH
N.SKNH
N.SKSH
N.SKWH
N.SMGH
N.SMMH
N.SMPH
N.SMTH
N.SNNH
N.SNSH
N.SOIH
N.SRUH
N.SSAH
N.SSTH
N.ST1H
N.ST2H
N.ST3H
N.ST4H
N.SZKH
N.SZNH
N.TAJH
N.TBSH
N.TBYH
N.TCKH
N.TDOH
N.THGH
N.THTH
N.TKIH
N.TKRH
N.TMYH
N.TOBH
N.TOMH
N.TOUH
N.TOWH
N.TREH
N.TROH
N.TRSH
N.TRWH
N.TSKF
N.TSKH
N.TSRH
N.TSTH
N.TTKH
N.TURH
N.TWEH
N.TWWH
N.TY2H
N.TYOH
N.TYRH
N.TYSF
N.TZWH
N.UJEH
N.UMYH
N.YBKH
N.YFTH
N.YGTH
N.YHBH
N.YITH
N.YJMH
N.YKHH
N.YMAH
N.YMDH
N.YMMH
N.YMZF
N.YNZH
N.YROH
N.YSKH
N.YSTH
N.YUBH
N.YUZH
N.YWTH
NAGARA
NANGO
NOBORI
NOBUKA
OFUNAI
OGA3
OHASAM
OHATA
OKURA
OMATSU
ONBETS
OTAMA2
OURI
ROKKAS
ROKUGO
SETANA
SHAKOT
SHIMAM
SHIOBA
SHIPPU
SHIRAT
SHIRIU
SHIUR2
SINHDK
SIZUKU
SMATSU
TANOHA
TENMAB
THIROO
TOBISH
TOKIWA
TOKYO
TOYOSA
TU.AK3
TU.ANS
TU.AO5
TU.AT2
TU.DIT
TU.EN3
TU.FD2
TU.FKU
TU.GJM
TU.HD3
TU.HOJ
TU.HSB
TU.HSK
TU.IW3
TU.IWK
TU.IWT
TU.KG2
TU.KN5
TU.KNB
TU.KRS
TU.KSN
TU.KTA
TU.KWT
TU.MAI
TU.MR3
TU.MTO
TU.MY3
TU.NSK
TU.OGA
TU.SN3
TU.SWU
TU.TAZ
TU.TB2
TU.TGT
TU.WYG
TU.YKB
TU.YMZ
TU.YNT
TU.ZDK
UCHIUR
V.ADNM
V.AKHC
V.AKTZ
V.AYBN
V.AZJD
V.AZMA
V.BNDA
V.BNUR
V.CHKN
V.ESKS
V.HKNS
V.IKSR
V.KRK2
V.KUJG
V.MEAK
V.MJON
V.MKJA
V.NANM
V.NGS2
V.NSUA
V.TANS
V.TKBG
V.TKKH
V.TKOK
V.TKU2
V.UMG2
V.USSW
V.ZABD
YAKUM2
YAMAUE
YANAIZ
YATSUM
YGYUZA
YKANEY
YOKOSK
YUWA
N.S1N01
N.S1N02
N.S1N03
N.S1N04
N.S1N05
N.S1N06
N.S1N07
N.S1N08
N.S1N09
N.S1N10
N.S1N11
N.S1N12
N.S1N13
N.S1N14
N.S1N15
N.S1N16
N.S1N17
N.S1N18
N.S1N19
N.S1N20
N.S1N21
N.S1N22
N.S2N01
N.S2N02
N.S2N03
N.S2N04
N.S2N05
N.S2N06
N.S2N07
N.S2N08
N.S2N09
N.S2N10
N.S2N11
N.S2N12
N.S2N13
N.S2N14
N.S2N15
N.S2N16
N.S2N17
N.S2N18
N.S2N19
N.S2N20
N.S2N21
N.S2N22
N.S2N23
N.S2N24
N.S2N25
N.S2N26
N.S3N01
N.S3N02
N.S3N03
N.S3N04
N.S3N05
N.S3N06
N.S3N07
N.S3N08
N.S3N09
N.S3N10
N.S3N11
N.S3N12
N.S3N13
N.S3N14
N.S3N15
N.S3N16
N.S3N17
N.S3N18
N.S3N19
N.S3N20
N.S3N21
N.S3N22
N.S3N23
N.S3N24
N.S3N25
N.S3N26
N.S4N01
N.S4N02
N.S4N03
N.S4N04
N.S4N05
N.S4N06
N.S4N07
N.S4N08
N.S4N09
N.S4N10
N.S4N11
N.S4N12
N.S4N13
N.S4N14
N.S4N15
N.S4N16
N.S4N17
N.S4N18
N.S4N19
N.S4N20
N.S4N21
N.S4N22
N.S4N23
N.S4N24
N.S4N25
N.S4N26
N.S4N27
N.S4N28
N.S5N01
N.S5N02
N.S5N03
N.S5N04
N.S5N05
N.S5N06
N.S5N07
N.S5N08
N.S5N09
N.S5N10
N.S5N11
N.S5N12
N.S5N13
N.S5N14
N.S5N15
N.S5N16
N.S5N17
N.S5N18
N.S5N19
N.S5N20
N.S5N21
N.S5N22
N.S5N23
N.S6N01
N.S6N02
N.S6N03
N.S6N04
N.S6N05
N.S6N06
N.S6N07
N.S6N08
N.S6N09
N.S6N10
N.S6N11
N.S6N12
N.S6N13
N.S6N14
N.S6N15
N.S6N16
N.S6N17
N.S6N18
N.S6N19
N.S6N20
N.S6N21
N.S6N22
N.S6N23
N.S6N24
N.S6N25
